
> backend@1.0.0 dev
> nodemon --exec ts-node --transpile-only src/server.ts

[33m[nodemon] 3.1.11[39m
[33m[nodemon] to restart at any time, enter `rs`[39m
[33m[nodemon] watching path(s): *.*[39m
[33m[nodemon] watching extensions: ts,json[39m
[32m[nodemon] starting `ts-node --transpile-only src/server.ts`[39m
node.exe : C:\Users\Metto\Desktop\Anti 
gravity\backend\node_modules\router\lib\route.js:228
At line:1 char:1
+ & "C:\Program Files\nodejs/node.exe" "C:\Program 
Files\nodejs/node_mo ...
+ ~~~~~~~~~~~~~~~~~~~~~~~~~~~~~~~~~~~~~~~~~~~~~~~~~~~~~~~~~~~~
~~~~~~~~~
    + CategoryInfo          : NotSpecified: (C:\Users\Metto\. 
   ..ib\route.js:228:String) [], RemoteException
    + FullyQualifiedErrorId : NativeCommandError
 
        throw new TypeError('argument handler must be a 
function')
              ^
TypeError: argument handler must be a function
    at Route.<computed> [as get] (C:\Users\Metto\Desktop\Anti 
gravity\backend\node_modules\router\lib\route.js:228:15)
    at Function.Router.<computed> [as get] 
(C:\Users\Metto\Desktop\Anti 
gravity\backend\node_modules\router\index.js:448:19)
    at Object.<anonymous> (C:\Users\Metto\Desktop\Anti 
gravity\backend\src\routes\sales.routes.ts:13:8)
    at Module._compile 
(node:internal/modules/cjs/loader:1688:14)
    at Module.m._compile (C:\Users\Metto\Desktop\Anti 
gravity\backend\node_modules\ts-node\src\index.ts:1618:23)
    at node:internal/modules/cjs/loader:1820:10
    at Object.require.extensions.<computed> [as .ts] 
(C:\Users\Metto\Desktop\Anti 
gravity\backend\node_modules\ts-node\src\index.ts:1621:12)
    at Module.load (node:internal/modules/cjs/loader:1423:32)
    at Function._load 
(node:internal/modules/cjs/loader:1246:12)
    at TracingChannel.traceSync 
(node:diagnostics_channel:322:14)
[31m[nodemon] app crashed - waiting for file changes before starting...[39m
[32m[nodemon] restarting due to changes...[39m
[32m[nodemon] starting `ts-node --transpile-only src/server.ts`[39m
C:\Users\Metto\Desktop\Anti 
gravity\backend\node_modules\router\lib\route.js:228
        throw new TypeError('argument handler must be a 
function')
              ^
TypeError: argument handler must be a function
    at Route.<computed> [as get] (C:\Users\Metto\Desktop\Anti 
gravity\backend\node_modules\router\lib\route.js:228:15)
    at Function.Router.<computed> [as get] 
(C:\Users\Metto\Desktop\Anti 
gravity\backend\node_modules\router\index.js:448:19)
    at Object.<anonymous> (C:\Users\Metto\Desktop\Anti 
gravity\backend\src\routes\sales.routes.ts:13:8)
    at Module._compile 
(node:internal/modules/cjs/loader:1688:14)
    at Module.m._compile (C:\Users\Metto\Desktop\Anti 
gravity\backend\node_modules\ts-node\src\index.ts:1618:23)
    at node:internal/modules/cjs/loader:1820:10
    at Object.require.extensions.<computed> [as .ts] 
(C:\Users\Metto\Desktop\Anti 
gravity\backend\node_modules\ts-node\src\index.ts:1621:12)
    at Module.load (node:internal/modules/cjs/loader:1423:32)
    at Function._load 
(node:internal/modules/cjs/loader:1246:12)
    at TracingChannel.traceSync 
(node:diagnostics_channel:322:14)
[31m[nodemon] app crashed - waiting for file changes before starting...[39m
[32m[nodemon] restarting due to changes...[39m
[32m[nodemon] starting `ts-node --transpile-only src/server.ts`[39m
[dotenv@17.2.3] injecting env (0) from .env -- tip: G‹÷n+≈  specify custom .env file path with { path: '/custom/path/.env' }
Server running on port 3001
[32m[nodemon] restarting due to changes...[39m
[32m[nodemon] starting `ts-node --transpile-only src/server.ts`[39m
[dotenv@17.2.3] injecting env (0) from .env -- tip: G‹÷n+≈  specify custom .env file path with { path: '/custom/path/.env' }
Server running on port 3001
[32m[nodemon] restarting due to changes...[39m
[32m[nodemon] starting `ts-node --transpile-only src/server.ts`[39m
[32m[nodemon] restarting due to changes...[39m
[32m[nodemon] starting `ts-node --transpile-only src/server.ts`[39m
[dotenv@17.2.3] injecting env (0) from .env -- tip: G‹÷n+≈  write to custom object with { processEnv: myObject }
Server running on port 3001
